[metaverse.tech2edge.co/diyora-kiosk-sim/index.html]
[backblue.gif]
[fade.gif]
[index.html]
[metaverse.tech2edge.co/diyora-kiosk-sim/assets/css/onsenui2.min.css]
[metaverse.tech2edge.co/diyora-kiosk-sim/assets/css/style.css]
[metaverse.tech2edge.co/diyora-kiosk-sim/assets/img/PTlogoresize.png]
[metaverse.tech2edge.co/diyora-kiosk-sim/assets/img/rivalogoresized.png]
[metaverse.tech2edge.co/diyora-kiosk-sim/assets/img/cart-trolley-shape.svg]
[metaverse.tech2edge.co/diyora-kiosk-sim/assets/img/wishlist-heart-shape.svg]
[metaverse.tech2edge.co/diyora-kiosk-sim/assets/img/portrait-girl-h396.png]
[metaverse.tech2edge.co/diyora-kiosk-sim/assets/js/onsenui.min.js]
[metaverse.tech2edge.co/diyora-kiosk-sim/assets/img/background-1.jpg]
[metaverse.tech2edge.co/diyora-kiosk-sim/assets/img/Ring-category-full.png]
[metaverse.tech2edge.co/diyora-kiosk-sim/assets/img/earing-category-full.png]
[metaverse.tech2edge.co/diyora-kiosk-sim/assets/img/pendants-category-full.png]
[metaverse.tech2edge.co/diyora-kiosk-sim/assets/img/bracelets-category-full.png]
[metaverse.tech2edge.co/diyora-kiosk-sim/assets/img/bangles-category-full.png]
[metaverse.tech2edge.co/diyora-kiosk-sim/assets/img/necklace-category-full.png]
[metaverse.tech2edge.co/diyora-kiosk-sim/category-earring.html]
[metaverse.tech2edge.co/diyora-kiosk-sim/assets/img/ring-popular-1-resized.png]
[metaverse.tech2edge.co/diyora-kiosk-sim/assets/img/boy-portrait-resized.png]
[metaverse.tech2edge.co/diyora-kiosk-sim/assets/img/girls-portrait-resized.png]
[metaverse.tech2edge.co/diyora-kiosk-sim/assets/img/forKids-resized.png]
[metaverse.tech2edge.co/diyora-kiosk-sim/assets/img/gifting-resized.png]
[metaverse.tech2edge.co/diyora-kiosk-sim/assets/img/heading-bottom-line.svg]
[metaverse.tech2edge.co/diyora-kiosk-sim/assets/img/carousel-gifting-bg.jpg]
[metaverse.tech2edge.co/diyora-kiosk-sim/assets/img/carousel-necklace-portrait-bg.jpg]
[metaverse.tech2edge.co/diyora-kiosk-sim/assets/img/carousel-boy-blacktshirt-bg.jpg]
[metaverse.tech2edge.co/diyora-kiosk-sim/assets/img/carousel-kids-bg.jpg]
[metaverse.tech2edge.co/diyora-kiosk-sim/assets/img/all-earings-category.png]
[metaverse.tech2edge.co/diyora-kiosk-sim/assets/img/drops-danglers-category.png]
[metaverse.tech2edge.co/diyora-kiosk-sim/assets/img/hoops-and-huggies-category.png]
[metaverse.tech2edge.co/diyora-kiosk-sim/assets/img/studs-category.png]
[metaverse.tech2edge.co/diyora-kiosk-sim/assets/img/front-and-back-category.png]
[metaverse.tech2edge.co/diyora-kiosk-sim/product-page.1f.delayed]
[metaverse.tech2edge.co/diyora-kiosk-sim/assets/img/cart-product.png]
[metaverse.tech2edge.co/diyora-kiosk-sim/assets/img/showcase-slide-image.png]
[metaverse.tech2edge.co/diyora-kiosk-sim/assets/img/Ring-1.png]
[metaverse.tech2edge.co/diyora-kiosk-sim/assets/video/R_PTRG00451-PA1163 (30CT).mp4]
[metaverse.tech2edge.co/diyora-kiosk-sim/assets/img/video-play-icon.png]
[metaverse.tech2edge.co/diyora-kiosk-sim/assets/img/heart-blank.svg]
[metaverse.tech2edge.co/diyora-kiosk-sim/assets/img/bell.svg]
[metaverse.tech2edge.co/diyora-kiosk-sim/assets/img/cart-product-resized.png]
[metaverse.tech2edge.co/diyora-kiosk-sim/assets/img/plus-icon.svg]
[metaverse.tech2edge.co/diyora-kiosk-sim/assets/img/bell-ring.svg]
[metaverse.tech2edge.co/diyora-kiosk-sim/assets/img/cross-close-modal.svg]
[metaverse.tech2edge.co/diyora-kiosk-sim/index.html]
[metaverse.tech2edge.co/diyora-kiosk-sim/assets/css/ionicons/css/ionicons.min.css]
[metaverse.tech2edge.co/diyora-kiosk-sim/assets/css/material-design-iconic-font/css/material-design-iconic-font.min.css]
[metaverse.tech2edge.co/diyora-kiosk-sim/assets/css/font_awesome/css/all.min.css]
[metaverse.tech2edge.co/diyora-kiosk-sim/assets/css/font_awesome/css/v4-shims.min.css]
[metaverse.tech2edge.co/diyora-kiosk-sim/assets/css/onsenui2.min.css]
[metaverse.tech2edge.co/diyora-kiosk-sim/assets/css/assets/img/left-side-bg-resized.png]
[metaverse.tech2edge.co/diyora-kiosk-sim/assets/css/assets/img/showcase-slide-image.png]
[metaverse.tech2edge.co/diyora-kiosk-sim/assets/css/style.css]
[metaverse.tech2edge.co/diyora-kiosk-sim/assets/img/cart-trolley-shape.svg]
[metaverse.tech2edge.co/diyora-kiosk-sim/assets/img/wishlist-heart-shape.svg]
[metaverse.tech2edge.co/diyora-kiosk-sim/category-earring.html]
[metaverse.tech2edge.co/diyora-kiosk-sim/assets/img/heading-bottom-line.svg]
[metaverse.tech2edge.co/diyora-kiosk-sim/product-page.html]
[metaverse.tech2edge.co/diyora-kiosk-sim/assets/img/heart-blank.svg]
[metaverse.tech2edge.co/diyora-kiosk-sim/assets/img/bell.svg]
[metaverse.tech2edge.co/diyora-kiosk-sim/assets/img/minus-icon.svg]
[metaverse.tech2edge.co/diyora-kiosk-sim/assets/img/plus-icon.svg]
[metaverse.tech2edge.co/diyora-kiosk-sim/assets/img/bell-ring.svg]
[metaverse.tech2edge.co/diyora-kiosk-sim/assets/img/cross-close-modal.svg]
[metaverse.tech2edge.co/diyora-kiosk-sim/assets/css/ionicons/css/ionicons.min.html]
[metaverse.tech2edge.co/diyora-kiosk-sim/assets/css/material-design-iconic-font/css/material-design-iconic-font.min.html]
[metaverse.tech2edge.co/diyora-kiosk-sim/assets/css/font_awesome/css/all.min.html]
[metaverse.tech2edge.co/diyora-kiosk-sim/assets/css/font_awesome/css/v4-shims.min.html]
[metaverse.tech2edge.co/diyora-kiosk-sim/assets/css/assets/img/left-side-bg-resized.html]
[metaverse.tech2edge.co/diyora-kiosk-sim/assets/css/assets/img/showcase-slide-image.html]
